[dotenv@17.2.3] injecting env (1) from .env -- tip: ≡ƒöÉ encrypt with Dotenvx: https://dotenvx.com
============================================================
Testing Gemini API Integration
============================================================
API Key: AIzaSyCIvP3H9QX...
Key Length: 39

≡ƒÄ» Generating 5 TOPICS using Gemini API...

Γ£à SUCCESS! Generated topics:

1. With the rapid rise of AI, what unique human skills and qualities do you believe will become most valuable, and how should education or society adapt to foster them?
2. Imagine a future where a significant global challenge (like climate change or resource scarcity) has forced communities to redefine 'success' and 'happiness.' What might these new definitions look like, and what surprising changes could emerge in our daily lives?
3. If you could instantly master one non-academic skill or quality that would profoundly improve your life and the lives of those around you, what would it be and why? How might this mastery change your daily interactions and long-term goals?
4. Beyond just seeing new sights, how do you think truly 'living like a local' in a completely different culture for an extended period could fundamentally alter your understanding of your own identity, values, and perception of the world? What are the biggest potential gains and losses?
5. Imagine a world where dreams could be shared and experienced by others. What benefits and dangers might this create for human relationships, personal privacy, and even the way we learn or create art?

≡ƒô¥ Generating 5 GRAMMAR sentences using Gemini API...

Γ£à SUCCESS! Generated grammar sentences:

1. The small, fluffy puppy chased its tail enthusiastically in the yard.
2. She has been studying for hours, so she will probably take a short break very soon.
3. Although he arrived late, he still managed to catch the beginning of the concert without any trouble.
4. The antique vase, which was unexpectedly found in the attic, had been carefully wrapped in old newspapers for decades.
5. If they had left earlier, they wouldn't have missed their flight, and now they need to reschedule their entire trip.

============================================================
Test Complete!
============================================================
